11-04 17:17:53.299 30700 30700 D InsetsController: cancelAnimation of types: 1, animType: 0, host: com.offsec.nethunter.kex/com.undatech.opaque.ConnectionGridActivity, from:android.view.InsetsController.notifyFinished:1375 android.view.InsetsAnimationThreadControlRunner$1.lambda$notifyFinished$0$android-view-InsetsAnimationThreadControlRunner$1:84 android.view.InsetsAnimationThreadControlRunner$1$$ExternalSyntheticLambda1.run:4 
11-04 17:17:53.300 30700 30700 D InsetsSourceConsumer: ensureControlPosition: Point(0, 0) for ITYPE_STATUS_BAR on com.offsec.nethunter.kex/com.undatech.opaque.ConnectionGridActivity from android.view.InsetsSourceConsumer.notifyAnimationFinished:419
11-04 17:17:53.315 30700 30734 I ViewRootImpl@c909d18[ConnectionGridActivity]: mWNT: t=0xb40000709528be00 mBlastBufferQueue=0xb40000701c201400 fn= 6 caller= android.view.SyncRtSurfaceTransactionApplier.applyTransaction:96 android.view.SyncRtSurfaceTransactionApplier.lambda$scheduleApply$0$android-view-SyncRtSurfaceTransactionApplier:69 android.view.SyncRtSurfaceTransactionApplier$$ExternalSyntheticLambda0.onFrameDraw:4 
11-04 17:17:53.319 30700 30718 E IMGMapper: set:488 set: Unset optional value from type SMPTE2086
11-04 17:17:53.319 30700 30718 E IMGMapper: set:488 set: Unset optional value from type CTA861_3
11-04 17:17:53.637 30700 30718 E IMGMapper: set:488 set: Unset optional value from type SMPTE2086
11-04 17:17:53.637 30700 30718 E IMGMapper: set:488 set: Unset optional value from type CTA861_3
11-04 17:17:54.056 30700 30700 I ViewRootImpl@c909d18[ConnectionGridActivity]: MSG_WINDOW_FOCUS_CHANGED 0 0
11-04 17:17:54.073 30700 30718 E IMGMapper: set:488 set: Unset optional value from type SMPTE2086
11-04 17:17:54.073 30700 30718 E IMGMapper: set:488 set: Unset optional value from type CTA861_3
11-04 17:18:10.746 30700 30700 D InsetsSourceConsumer: ensureControlPosition: Point(0, 1510) for ITYPE_NAVIGATION_BAR on com.offsec.nethunter.kex/com.undatech.opaque.ConnectionGridActivity from android.view.InsetsSourceConsumer.setControl:211
11-04 17:18:10.760 30700 30733 I ViewRootImpl@c909d18[ConnectionGridActivity]: mWNT: t=0xb40000709528b900 mBlastBufferQueue=0xb40000701c201400 fn= 9 caller= android.view.SyncRtSurfaceTransactionApplier.applyTransaction:96 android.view.SyncRtSurfaceTransactionApplier.lambda$scheduleApply$0$android-view-SyncRtSurfaceTransactionApplier:69 android.view.SyncRtSurfaceTransactionApplier$$ExternalSyntheticLambda0.onFrameDraw:4 
11-04 17:18:10.761 30700 30700 I ViewRootImpl@c909d18[ConnectionGridActivity]: MSG_WINDOW_FOCUS_CHANGED 1 0
11-04 17:18:10.762 30700 30700 I ViewRootImpl@c909d18[ConnectionGridActivity]: mThreadedRenderer.initializeIfNeeded()#2 mSurface={isValid=true 0xb400007015213000}
11-04 17:18:10.763 30700 30700 I InputMethodManager: startInputAsyncOnWindowFocusGain - mService.startInputOrWindowGainedFocus
11-04 17:18:10.763 30700 30718 E IMGMapper: set:488 set: Unset optional value from type SMPTE2086
11-04 17:18:10.763 30700 30718 E IMGMapper: set:488 set: Unset optional value from type CTA861_3
11-04 17:18:10.781 30700 30718 E IMGMapper: set:488 set: Unset optional value from type SMPTE2086
11-04 17:18:10.781 30700 30718 E IMGMapper: set:488 set: Unset optional value from type CTA861_3
11-04 17:18:11.281 30700 30718 E IMGMapper: set:488 set: Unset optional value from type SMPTE2086
11-04 17:18:11.281 30700 30718 E IMGMapper: set:488 set: Unset optional value from type CTA861_3
11-04 17:18:11.788 30700 30718 E IMGMapper: set:488 set: Unset optional value from type SMPTE2086
11-04 17:18:11.788 30700 30718 E IMGMapper: set:488 set: Unset optional value from type CTA861_3
11-04 17:18:12.291 30700 30718 E IMGMapper: set:488 set: Unset optional value from type SMPTE2086
11-04 17:18:12.292 30700 30718 E IMGMapper: set:488 set: Unset optional value from type CTA861_3
11-04 17:18:12.656 30700 30700 I ViewRootImpl@c909d18[ConnectionGridActivity]: ViewPostIme pointer 0
11-04 17:18:12.787 30700 30718 E IMGMapper: set:488 set: Unset optional value from type SMPTE2086
11-04 17:18:12.787 30700 30718 E IMGMapper: set:488 set: Unset optional value from type CTA861_3
11-04 17:18:12.805 30700 30700 I ViewRootImpl@c909d18[ConnectionGridActivity]: ViewPostIme pointer 1
11-04 17:18:12.832 30700 30700 I ConnectionGridActivity: onPause
11-04 17:18:12.856 30700 30700 D bVNC    : onCreate called
11-04 17:18:12.856 30700 30700 D MainConfiguration: onCreate called
11-04 17:18:12.857 30700 30700 W c.nethunter.kex: Accessing hidden field Landroid/view/ViewConfiguration;->sHasPermanentMenuKey:Z (max-target-p, reflection, denied)
11-04 17:18:12.861 30700 30700 I DecorView: [INFO] isPopOver=false config=true
11-04 17:18:12.861 30700 30700 I DecorView: updateCaptionType: isFloating=false isApplication=true hasWindowDecorCaption=false this=DecorView@7b2c402[]
11-04 17:18:12.861 30700 30700 D DecorView: setCaptionType = 0, this = DecorView@7b2c402[]
11-04 17:18:12.868 30700 30700 I DecorView: getCurrentDensityDpi: from real metrics. densityDpi=300 msg=resources_loaded
11-04 17:18:12.868 30700 30700 I DecorView: setWindowBackground: isPopOver=false color=ff171717 d=android.graphics.drawable.GradientDrawable@5543549
11-04 17:18:12.881 30700 30700 D ScrollView: initGoToTop
11-04 17:18:12.976 30700 30700 D Utils   : Version of com.offsec.nethunter.kex is v5.2.5-1_11525001
11-04 17:18:12.978 30700 30700 D MainConfiguration: setConnectionTypeSpinnerAdapter called
11-04 17:18:12.979 30700 30700 E CustomVnc: Error opening config file from assets.
11-04 17:18:12.979 30700 30700 W System.err: java.io.FileNotFoundException: com.offsec.nethunter.kex.yaml
11-04 17:18:12.980 30700 30700 W System.err: 	at android.content.res.AssetManager.nativeOpenAsset(Native Method)
11-04 17:18:12.980 30700 30700 W System.err: 	at android.content.res.AssetManager.open(AssetManager.java:962)
11-04 17:18:12.980 30700 30700 W System.err: 	at android.content.res.AssetManager.open(AssetManager.java:939)
11-04 17:18:12.980 30700 30700 W System.err: 	at com.iiordanov.bVNC.CustomVnc.onCreate(CustomVnc.java:23)
11-04 17:18:12.980 30700 30700 W System.err: 	at android.app.Activity.performCreate(Activity.java:8591)
11-04 17:18:12.980 30700 30700 W System.err: 	at android.app.Activity.performCreate(Activity.java:8570)
11-04 17:18:12.980 30700 30700 W System.err: 	at android.app.Instrumentation.callActivityOnCreate(Instrumentation.java:1384)
11-04 17:18:12.980 30700 30700 W System.err: 	at android.app.ActivityThread.performLaunchActivity(ActivityThread.java:4150)
11-04 17:18:12.980 30700 30700 W System.err: 	at android.app.ActivityThread.handleLaunchActivity(ActivityThread.java:4325)
11-04 17:18:12.980 30700 30700 W System.err: 	at android.app.servertransaction.LaunchActivityItem.execute(LaunchActivityItem.java:101)
11-04 17:18:12.980 30700 30700 W System.err: 	at android.app.servertransaction.TransactionExecutor.executeCallbacks(TransactionExecutor.java:135)
11-04 17:18:12.980 30700 30700 W System.err: 	at android.app.servertransaction.TransactionExecutor.execute(TransactionExecutor.java:95)
11-04 17:18:12.980 30700 30700 W System.err: 	at android.app.ActivityThread$H.handleMessage(ActivityThread.java:2574)
11-04 17:18:12.980 30700 30700 W System.err: 	at android.os.Handler.dispatchMessage(Handler.java:106)
11-04 17:18:12.980 30700 30700 W System.err: 	at android.os.Looper.loopOnce(Looper.java:226)
11-04 17:18:12.980 30700 30700 W System.err: 	at android.os.Looper.loop(Looper.java:313)
11-04 17:18:12.980 30700 30700 W System.err: 	at android.app.ActivityThread.main(ActivityThread.java:8757)
11-04 17:18:12.981 30700 30700 W System.err: 	at java.lang.reflect.Method.invoke(Native Method)
11-04 17:18:12.981 30700 30700 W System.err: 	at com.android.internal.os.RuntimeInit$MethodAndArgsCaller.run(RuntimeInit.java:571)
11-04 17:18:12.981 30700 30700 W System.err: 	at com.android.internal.os.ZygoteInit.main(ZygoteInit.java:1067)
11-04 17:18:12.982 30700 30700 D MainConfiguration: onStart called
11-04 17:18:12.983 30700 30700 D MainConfiguration: onResume called
11-04 17:18:12.984 30700 30700 D MainConfiguration: onResumeFragments called
11-04 17:18:12.984 30700 30700 D MainConfiguration: arriveOnPage called
11-04 17:18:12.985 30700 30700 D bVNC    : updateViewFromSelected called
11-04 17:18:12.985 30700 30700 D MainConfiguration: UpdateViewFromSelected called
11-04 17:18:12.985 30700 30700 D ConnectionBean: loadFromSharedPreferences called
11-04 17:18:12.989 30700 30700 D MainConfiguration: UseLastPositionToolbarDefault called
11-04 17:18:12.993 30700 30700 D bVNC    : updateRepeaterInfo called
11-04 17:18:12.994 30700 30700 I MSHandlerLifeCycle: check: return. pkg=com.offsec.nethunter.kex parent=null callers=com.android.internal.policy.DecorView.setVisibility:4411 android.app.ActivityThread.handleResumeActivity:5476 android.app.servertransaction.ResumeActivityItem.execute:54 android.app.servertransaction.ActivityTransactionItem.execute:45 android.app.servertransaction.TransactionExecutor.executeLifecycleState:176 
11-04 17:18:12.994 30700 30700 I MSHandlerLifeCycle: removeMultiSplitHandler: no exist. decor=DecorView@7b2c402[]
11-04 17:18:12.997 30700 30718 D NativeCustomFrequencyManager: [NativeCFMS] BpCustomFrequencyManager::BpCustomFrequencyManager()
11-04 17:18:13.002 30700 30700 D InsetsController: onStateChanged: InsetsState: {mDisplayFrame=Rect(0, 0 - 720, 1600), mDisplayCutout=DisplayCutout{insets=Rect(0, 45 - 0, 0) waterfall=Insets{left=0, top=0, right=0, bottom=0} boundingRect={Bounds=[Rect(0, 0 - 0, 0), Rect(272, 0 - 448, 45), Rect(0, 0 - 0, 0), Rect(0, 0 - 0, 0)]} cutoutPathParserInfo={CutoutPathParserInfo{displayWidth=720 displayHeight=1600 physicalDisplayWidth=720 physicalDisplayHeight=1600 density={1.875} cutoutSpec={M 0,0 H -46.93333333333333 V 24 H 46.93333333333333 V 0 H 0 Z @dp} rotation={0} scale={1.0} physicalPixelDisplaySizeRatio={1.0}}}}, mRoundedCorners=RoundedCorners{[RoundedCorner{position=TopLeft, radius=60, center=Point(60, 60)}, RoundedCorner{position=TopRight, radius=60, center=Point(660, 60)}, RoundedCorner{position=BottomRight, radius=60, center=Point(660, 1540)}, RoundedCorner{position=BottomLeft, radius=60, center=Point(60, 1540)}]}  mRoundedCornerFrame=Rect(0, 0 - 720, 1600), mPrivacyIndicatorBounds=PrivacyIndicatorBounds {static bounds=Rect(637, 0 - 720, 49) rotation=0}, mSources= { InsetsSource: {mType=ITYPE_STATUS_BAR, mFrame=[0,0][720,49], mVisible=true, mInsetsRoundedCornerFrame=false}, InsetsSource: {mType=ITYPE_NAVIGATION_BAR, mFrame=[0,1510][720,1600], mVisible=true, mInsetsRoundedCornerFrame=false}, InsetsSource: {mType=ITYPE_LEFT_GESTURES, mFrame=[0,0][0,1600], mVisible=true, mInsetsRoundedCornerFrame=false}, InsetsSource: {mType=ITYPE_RIGHT_GESTURES, mFrame=[720,0][720,1600], mVisible=true, mInsetsRoundedCornerFrame=false}, InsetsSource: {mType=ITYPE_TOP_MANDATORY_GESTURES, mFrame=[0,0][720,68], mVisible=true, mInsetsRoundedCornerFrame=false}, InsetsSource: {mType=ITYPE_BOTTOM_MANDATORY_GESTURES, mFrame=[0,1510][720,1600], mVisible=true, mInsetsRoundedCornerFrame=false}, InsetsSource: {mType=ITYPE_LEFT_DISPLAY_CUTOUT, mFrame=[0,0][-100000,1600], mVisible=true, mInsetsRoundedCornerFrame=false}, InsetsSource: {mType=ITYPE_TOP_DISPLAY_CUTOUT, mFrame=[0,0][720,45], mVisible=true, mInsetsRoundedCornerFrame=false}, InsetsSource: {mType=ITYPE_RIGHT_DISPLAY_CUTOUT, mFrame=[100000,0][720,1600], mVisible=true, mInsetsRoundedCornerFrame=false}, InsetsSource: {mType=ITYPE_BOTTOM_DISPLAY_CUTOUT, mFrame=[0,100000][720,1600], mVisible=true, mInsetsRoundedCornerFrame=false}, InsetsSource: {mType=ITYPE_TOP_TAPPABLE_ELEMENT, mFrame=[0,0][720,49], mVisible=true, mInsetsRoundedCornerFrame=false}, InsetsSource: {mType=ITYPE_BOTTOM_TAPPABLE_ELEMENT, mFrame=[0,1510][720,1600], mVisible=true, mInsetsRoundedCornerFrame=false} } host=com.offsec.nethunter.kex/com.iiordanov.bVNC.CustomVnc from=android.view.ViewRootImpl.setView:1732
11-04 17:18:13.003 30700 30700 I ViewRootImpl@38fbac3[CustomVnc]: setView = com.android.internal.policy.DecorView@7b2c402 TM=true
11-04 17:18:13.004 30700 30700 I MSHandlerLifeCycle: removeMultiSplitHandler: no exist. decor=DecorView@7b2c402[CustomVnc]
11-04 17:18:13.042 30700 30700 I ViewRootImpl@38fbac3[CustomVnc]: performTraversals params={(0,0)(fillxfill) sim={state=hidden adjust=resize forwardNavigation} ty=BASE_APPLICATION wanim=0x10302f4
11-04 17:18:13.042 30700 30700 I ViewRootImpl@38fbac3[CustomVnc]:   fl=81810100
11-04 17:18:13.042 30700 30700 I ViewRootImpl@38fbac3[CustomVnc]:   pfl=12020040
11-04 17:18:13.042 30700 30700 I ViewRootImpl@38fbac3[CustomVnc]:   bhv=DEFAULT
11-04 17:18:13.042 30700 30700 I ViewRootImpl@38fbac3[CustomVnc]:   fitSides= naviIconColor=0}
11-04 17:18:13.043 30700 30700 I ViewRootImpl@38fbac3[CustomVnc]: performTraversals mFirst=true windowShouldResize=true viewVisibilityChanged=false mForceNextWindowRelayout=false params={(0,0)(fillxfill) sim={state=hidden adjust=resize forwardNavigation} ty=BASE_APPLICATION wanim=0x10302f4
11-04 17:18:13.043 30700 30700 I ViewRootImpl@38fbac3[CustomVnc]:   fl=81810100
11-04 17:18:13.043 30700 30700 I ViewRootImpl@38fbac3[CustomVnc]:   pfl=12020040
11-04 17:18:13.043 30700 30700 I ViewRootImpl@38fbac3[CustomVnc]:   bhv=DEFAULT
11-04 17:18:13.043 30700 30700 I ViewRootImpl@38fbac3[CustomVnc]:   fitSides= naviIconColor=0}
11-04 17:18:13.056 30700 30700 D InsetsController: onStateChanged: InsetsState: {mDisplayFrame=Rect(0, 0 - 720, 1600), mDisplayCutout=DisplayCutout{insets=Rect(0, 45 - 0, 0) waterfall=Insets{left=0, top=0, right=0, bottom=0} boundingRect={Bounds=[Rect(0, 0 - 0, 0), Rect(272, 0 - 448, 45), Rect(0, 0 - 0, 0), Rect(0, 0 - 0, 0)]} cutoutPathParserInfo={CutoutPathParserInfo{displayWidth=720 displayHeight=1600 physicalDisplayWidth=720 physicalDisplayHeight=1600 density={1.875} cutoutSpec={M 0,0 H -46.93333333333333 V 24 H 46.93333333333333 V 0 H 0 Z @dp} rotation={0} scale={1.0} physicalPixelDisplaySizeRatio={1.0}}}}, mRoundedCorners=RoundedCorners{[RoundedCorner{position=TopLeft, radius=60, center=Point(60, 60)}, RoundedCorner{position=TopRight, radius=60, center=Point(660, 60)}, RoundedCorner{position=BottomRight, radius=60, center=Point(660, 1540)}, RoundedCorner{position=BottomLeft, radius=60, center=Point(60, 1540)}]}  mRoundedCornerFrame=Rect(0, 0 - 720, 1600), mPrivacyIndicatorBounds=PrivacyIndicatorBounds {static bounds=Rect(637, 0 - 720, 49) rotation=0}, mSources= { InsetsSource: {mType=ITYPE_STATUS_BAR, mFrame=[0,0][720,49], mVisible=true, mInsetsRoundedCornerFrame=false}, InsetsSource: {mType=ITYPE_NAVIGATION_BAR, mFrame=[0,1510][720,1600], mVisible=true, mInsetsRoundedCornerFrame=false}, InsetsSource: {mType=ITYPE_LEFT_GESTURES, mFrame=[0,0][0,1600], mVisible=true, mInsetsRoundedCornerFrame=false}, InsetsSource: {mType=ITYPE_RIGHT_GESTURES, mFrame=[720,0][720,1600], mVisible=true, mInsetsRoundedCornerFrame=false}, InsetsSource: {mType=ITYPE_TOP_MANDATORY_GESTURES, mFrame=[0,0][720,68], mVisible=true, mInsetsRoundedCornerFrame=false}, InsetsSource: {mType=ITYPE_BOTTOM_MANDATORY_GESTURES, mFrame=[0,1510][720,1600], mVisible=true, mInsetsRoundedCornerFrame=false}, InsetsSource: {mType=ITYPE_LEFT_DISPLAY_CUTOUT, mFrame=[0,0][-100000,1600], mVisible=true, mInsetsRoundedCornerFrame=false}, InsetsSource: {mType=ITYPE_TOP_DISPLAY_CUTOUT, mFrame=[0,0][720,45], mVisible=true, mInsetsRoundedCornerFrame=false}, InsetsSource: {mType=ITYPE_RIGHT_DISPLAY_CUTOUT, mFrame=[100000,0][720,1600], mVisible=true, mInsetsRoundedCornerFrame=false}, InsetsSource: {mType=ITYPE_BOTTOM_DISPLAY_CUTOUT, mFrame=[0,100000][720,1600], mVisible=true, mInsetsRoundedCornerFrame=false}, InsetsSource: {mType=ITYPE_TOP_TAPPABLE_ELEMENT, mFrame=[0,0][720,49], mVisible=true, mInsetsRoundedCornerFrame=false}, InsetsSource: {mType=ITYPE_BOTTOM_TAPPABLE_ELEMENT, mFrame=[0,1510][720,1600], mVisible=true, mInsetsRoundedCornerFrame=false}, InsetsSource: {mType=ITYPE_IME, mFrame=[0,0][0,0], mVisible=false, mInsetsRoundedCornerFrame=false} } host=com.offsec.nethunter.kex/com.iiordanov.bVNC.CustomVnc from=android.view.ViewRootImpl.relayoutWindow:9802
11-04 17:18:13.057 30700 30700 I ViewRootImpl@38fbac3[CustomVnc]: updateBlastSurfaceIfNeeded mBlastBufferQueue=null isSameSurfaceControl=false
11-04 17:18:13.057 30700 30700 D BufferQueueConsumer: [](id:77ec00000011,api:0,p:-1,c:30700) connect: controlledByApp=false
11-04 17:18:13.058 30700 30700 I BLASTBufferQueue: new BLASTBufferQueue, mName= ViewRootImpl@38fbac3[CustomVnc] mNativeObject= 0xb4000070952f7780 sc.mNativeObject= 0xb400007013b80740 caller= android.view.ViewRootImpl.updateBlastSurfaceIfNeeded:2909 android.view.ViewRootImpl.relayoutWindow:9847 android.view.ViewRootImpl.performTraversals:3884 android.view.ViewRootImpl.doTraversal:3116 android.view.ViewRootImpl$TraversalRunnable.run:10885 android.view.Choreographer$CallbackRecord.run:1301 android.view.Choreographer$CallbackRecord.run:1309 android.view.Choreographer.doCallbacks:923 android.view.Choreographer.doFrame:852 android.view.Choreographer$FrameDisplayEventReceiver.run:1283 
11-04 17:18:13.058 30700 30700 I BLASTBufferQueue: update, w= 720 h= 1600 mName = ViewRootImpl@38fbac3[CustomVnc] mNativeObject= 0xb4000070952f7780 sc.mNativeObject= 0xb400007013b80740 format= -1 caller= android.graphics.BLASTBufferQueue.<init>:84 android.view.ViewRootImpl.updateBlastSurfaceIfNeeded:2909 android.view.ViewRootImpl.relayoutWindow:9847 android.view.ViewRootImpl.performTraversals:3884 android.view.ViewRootImpl.doTraversal:3116 android.view.ViewRootImpl$TraversalRunnable.run:10885 
11-04 17:18:13.059 30700 30700 I ViewRootImpl@38fbac3[CustomVnc]: Relayout returned: old=(0,0,720,1600) new=(0,0,720,1600) req=(720,1600)0 dur=14 res=0x3 s={true 0xb400007013a9b800} ch=true seqId=0
11-04 17:18:13.060 30700 30700 I ViewRootImpl@38fbac3[CustomVnc]: mThreadedRenderer.initialize() mSurface={isValid=true 0xb400007013a9b800} hwInitialized=true
11-04 17:18:13.060 30700 30718 D BufferQueueProducer: [ViewRootImpl@38fbac3[CustomVnc]#17(BLAST Consumer)17](id:77ec00000011,api:1,p:30700,c:30700) connect: api=1 producerControlledByApp=true
11-04 17:18:13.060 30700 30718 D OpenGLRenderer: eglCreateWindowSurface
11-04 17:18:13.077 30700 30700 D ScrollView:  onsize change changed 
11-04 17:18:13.079 30700 30700 I ViewRootImpl@38fbac3[CustomVnc]: reportNextDraw android.view.ViewRootImpl.performTraversals:4438 android.view.ViewRootImpl.doTraversal:3116 android.view.ViewRootImpl$TraversalRunnable.run:10885 android.view.Choreographer$CallbackRecord.run:1301 android.view.Choreographer$CallbackRecord.run:1309 
11-04 17:18:13.083 30700 30700 I ViewRootImpl@38fbac3[CustomVnc]: Setup new sync id=0
11-04 17:18:13.083 30700 30700 I ViewRootImpl@38fbac3[CustomVnc]: Setting syncFrameCallback
11-04 17:18:13.083 30700 30700 I ViewRootImpl@38fbac3[CustomVnc]: registerCallbacksForSync syncBuffer=false
11-04 17:18:13.095 30700 30734 I ViewRootImpl@38fbac3[CustomVnc]: Received frameDrawingCallback syncResult=0 frameNum=1.
11-04 17:18:13.095 30700 30734 I ViewRootImpl@38fbac3[CustomVnc]: Setting up sync and frameCommitCallback
11-04 17:18:13.118 30700 30718 E IMGMapper: set:488 set: Unset optional value from type SMPTE2086
11-04 17:18:13.118 30700 30718 E IMGMapper: set:488 set: Unset optional value from type CTA861_3
11-04 17:18:13.118 30700 30718 I BLASTBufferQueue: [ViewRootImpl@38fbac3[CustomVnc]#17](f:0,a:0) onFrameAvailable the first frame is available
11-04 17:18:13.119 30700 30718 D BLASTBufferQueue: [ViewRootImpl@38fbac3[CustomVnc]#17](f:0,a:1) acquireNextBufferLocked size=720x1600 mFrameNumber=1 applyTransaction=true mTimestamp=45617039658639(auto) mPendingTransactions.size=0 graphicBufferId=131855495987334 transform=0
11-04 17:18:13.119 30700 30718 I ViewRootImpl@38fbac3[CustomVnc]: Received frameCommittedCallback lastAttemptedDrawFrameNum=1 didProduceBuffer=true
11-04 17:18:13.120 30700 30718 D OpenGLRenderer: CFMS:: SetUp Pid : 30700    Tid : 30718
11-04 17:18:13.121 30700 30718 W Parcel  : Expecting binder but got null!
11-04 17:18:13.121 30700 30700 I ViewRootImpl@38fbac3[CustomVnc]: onSyncComplete
11-04 17:18:13.122 30700 30700 I ViewRootImpl@38fbac3[CustomVnc]: setupSync seqId=0 mSyncId=0 fn=1 caller=android.view.ViewRootImpl$$ExternalSyntheticLambda11.accept:6 android.window.SurfaceSyncer.lambda$setupSync$1$android-window-SurfaceSyncer:128 android.window.SurfaceSyncer$$ExternalSyntheticLambda1.accept:8 android.window.SurfaceSyncer$SyncSet.checkIfSyncIsComplete:382 android.window.SurfaceSyncer$SyncSet.markSyncReady:359 android.window.SurfaceSyncer.markSyncReady:151 android.view.ViewRootImpl.performTraversals:4503 
11-04 17:18:13.123 30700 30700 I ViewRootImpl@38fbac3[CustomVnc]: reportDrawFinished seqId=0 mSyncId=-1 fn=1 mSurfaceChangedTransaction=0xb4000070150cc300
11-04 17:18:13.123 30700 30700 I ViewRootImpl@c909d18[ConnectionGridActivity]: MSG_WINDOW_FOCUS_CHANGED 0 0
11-04 17:18:13.131 30700 30700 D MainConfiguration: onCreateOptionsMenu called
11-04 17:18:13.159 30700 30718 E IMGMapper: set:488 set: Unset optional value from type SMPTE2086
11-04 17:18:13.159 30700 30718 E IMGMapper: set:488 set: Unset optional value from type CTA861_3
11-04 17:18:13.162 30700 30700 D bVNC    : connectionType onItemSelected called
11-04 17:18:13.162 30700 30700 D ConnectionBean: save called
11-04 17:18:13.164 30700 30718 E IMGMapper: set:488 set: Unset optional value from type SMPTE2086
11-04 17:18:13.164 30700 30718 E IMGMapper: set:488 set: Unset optional value from type CTA861_3
11-04 17:18:13.168 30700 30700 D ConnectionBean: save called with database
11-04 17:18:13.188 30700 30700 D ConnectionBean: saveToSharedPreferences called
11-04 17:18:13.190 30700 30700 D bVNC    : setVisibilityOfSshWidgets called
11-04 17:18:13.190 30700 30700 D MainConfiguration: setVisibilityOfSshWidgets called
11-04 17:18:13.190 30700 30700 D bVNC    : setVisibilityOfUltraVncWidgets called
11-04 17:18:13.192 30700 30700 D bVNC    : updateViewFromSelected called
11-04 17:18:13.192 30700 30700 D MainConfiguration: UpdateViewFromSelected called
11-04 17:18:13.192 30700 30700 D ConnectionBean: loadFromSharedPreferences called
11-04 17:18:13.208 30700 30700 D MainConfiguration: UseLastPositionToolbarDefault called
11-04 17:18:13.220 30700 30700 D bVNC    : updateRepeaterInfo called
11-04 17:18:13.229 30700 30700 I AssistStructure: Flattened final assist data: 5604 bytes, containing 1 windows, 27 views
11-04 17:18:13.248 30700 30700 I ViewRootImpl@38fbac3[CustomVnc]: MSG_WINDOW_FOCUS_CHANGED 1 0
11-04 17:18:13.248 30700 30700 I ViewRootImpl@38fbac3[CustomVnc]: mThreadedRenderer.initializeIfNeeded()#2 mSurface={isValid=true 0xb400007013a9b800}
11-04 17:18:13.250 30700 30700 D InputMethodManager: startInputInner - Id : 0
11-04 17:18:13.250 30700 30700 I InputMethodManager: startInputInner - mService.startInputOrWindowGainedFocus
11-04 17:18:13.252 30700 30718 E IMGMapper: set:488 set: Unset optional value from type SMPTE2086
11-04 17:18:13.252 30700 30718 E IMGMapper: set:488 set: Unset optional value from type CTA861_3
11-04 17:18:13.263 30700 30718 E IMGMapper: set:488 set: Unset optional value from type SMPTE2086
11-04 17:18:13.263 30700 30718 E IMGMapper: set:488 set: Unset optional value from type CTA861_3
11-04 17:18:13.579 30700 30700 I ViewRootImpl@c909d18[ConnectionGridActivity]: handleAppVisibility mAppVisible = true visible = false
11-04 17:18:13.602 30700 30718 D OpenGLRenderer: setSurface called with nullptr
11-04 17:18:13.602 30700 30718 D OpenGLRenderer: setSurface() destroyed EGLSurface
11-04 17:18:13.602 30700 30718 D OpenGLRenderer: destroyEglSurface
11-04 17:18:13.603 30700 30718 D BufferQueueProducer: [ViewRootImpl@c909d18[ConnectionGridActivity]#16(BLAST Consumer)16](id:77ec00000010,api:1,p:30700,c:30700) disconnect: api 1
11-04 17:18:13.606 30700 30700 I ViewRootImpl@c909d18[ConnectionGridActivity]: performTraversals mFirst=false windowShouldResize=false viewVisibilityChanged=true mForceNextWindowRelayout=false params=null
11-04 17:18:13.614 30700 30700 D BLASTBufferQueue: [ViewRootImpl@c909d18[ConnectionGridActivity]#16](f:0,a:1) destructor()
11-04 17:18:13.614 30700 30700 D BufferQueueConsumer: [ViewRootImpl@c909d18[ConnectionGridActivity]#16(BLAST Consumer)16](id:77ec00000010,api:0,p:-1,c:30700) disconnect
11-04 17:18:13.615 30700 30700 I ViewRootImpl@c909d18[ConnectionGridActivity]: Relayout returned: old=(0,0,720,1600) new=(0,0,720,1600) req=(720,1600)8 dur=7 res=0x2 s={false 0x0} ch=true seqId=0
11-04 17:18:13.616 30700 30700 I ViewRootImpl@c909d18[ConnectionGridActivity]: stopped(true) old = false
11-04 17:18:13.616 30700 30700 I ViewRootImpl@c909d18[ConnectionGridActivity]: WindowStopped on com.offsec.nethunter.kex/com.undatech.opaque.ConnectionGridActivity set to true
11-04 17:18:13.619 30700 30700 I MSHandlerLifeCycle: removeMultiSplitHandler: no exist. decor=DecorView@137d528[ConnectionGridActivity]
11-04 17:18:13.626 30700 30700 I ViewRootImpl@c909d18[ConnectionGridActivity]: performTraversals mFirst=false windowShouldResize=false viewVisibilityChanged=false mForceNextWindowRelayout=false params={(0,0)(fillxfill) sim={adjust=pan} ty=BASE_APPLICATION wanim=0x10302f4
11-04 17:18:13.626 30700 30700 I ViewRootImpl@c909d18[ConnectionGridActivity]:   fl=81810100
11-04 17:18:13.626 30700 30700 I ViewRootImpl@c909d18[ConnectionGridActivity]:   pfl=12020040
11-04 17:18:13.626 30700 30700 I ViewRootImpl@c909d18[ConnectionGridActivity]:   bhv=DEFAULT
11-04 17:18:13.626 30700 30700 I ViewRootImpl@c909d18[ConnectionGridActivity]:   fitSides= naviIconColor=0}
11-04 17:18:13.632 30700 30700 I ViewRootImpl@c909d18[ConnectionGridActivity]: Relayout returned: old=(0,0,720,1600) new=(0,0,720,1600) req=(720,1600)8 dur=6 res=0x2 s={false 0x0} ch=false seqId=0
11-04 17:18:20.992 30700 30700 I ViewRootImpl@38fbac3[CustomVnc]: ViewPostIme pointer 0
11-04 17:18:21.106 30700 30700 I ViewRootImpl@38fbac3[CustomVnc]: ViewPostIme pointer 1
11-04 17:18:21.109 30700 30718 E IMGMapper: set:488 set: Unset optional value from type SMPTE2086
11-04 17:18:21.109 30700 30718 E IMGMapper: set:488 set: Unset optional value from type CTA861_3
11-04 17:18:21.127 30700 30718 E IMGMapper: set:488 set: Unset optional value from type SMPTE2086
11-04 17:18:21.127 30700 30718 E IMGMapper: set:488 set: Unset optional value from type CTA861_3
11-04 17:18:21.142 30700 30718 E IMGMapper: set:488 set: Unset optional value from type SMPTE2086
11-04 17:18:21.142 30700 30718 E IMGMapper: set:488 set: Unset optional value from type CTA861_3
11-04 17:18:21.159 30700 30718 E IMGMapper: set:488 set: Unset optional value from type SMPTE2086
11-04 17:18:21.159 30700 30718 E IMGMapper: set:488 set: Unset optional value from type CTA861_3
11-04 17:18:21.178 30700 30718 E IMGMapper: set:488 set: Unset optional value from type SMPTE2086
11-04 17:18:21.178 30700 30718 E IMGMapper: set:488 set: Unset optional value from type CTA861_3
11-04 17:18:21.195 30700 30718 E IMGMapper: set:488 set: Unset optional value from type SMPTE2086
11-04 17:18:21.195 30700 30718 E IMGMapper: set:488 set: Unset optional value from type CTA861_3
11-04 17:18:21.212 30700 30718 E IMGMapper: set:488 set: Unset optional value from type SMPTE2086
11-04 17:18:21.212 30700 30718 E IMGMapper: set:488 set: Unset optional value from type CTA861_3
11-04 17:18:21.229 30700 30718 E IMGMapper: set:488 set: Unset optional value from type SMPTE2086
11-04 17:18:21.229 30700 30718 E IMGMapper: set:488 set: Unset optional value from type CTA861_3
11-04 17:18:21.246 30700 30718 E IMGMapper: set:488 set: Unset optional value from type SMPTE2086
11-04 17:18:21.246 30700 30718 E IMGMapper: set:488 set: Unset optional value from type CTA861_3
11-04 17:18:21.262 30700 30718 E IMGMapper: set:488 set: Unset optional value from type SMPTE2086
11-04 17:18:21.263 30700 30718 E IMGMapper: set:488 set: Unset optional value from type CTA861_3
11-04 17:18:21.279 30700 30718 E IMGMapper: set:488 set: Unset optional value from type SMPTE2086
11-04 17:18:21.279 30700 30718 E IMGMapper: set:488 set: Unset optional value from type CTA861_3
11-04 17:18:21.296 30700 30718 E IMGMapper: set:488 set: Unset optional value from type SMPTE2086
11-04 17:18:21.296 30700 30718 E IMGMapper: set:488 set: Unset optional value from type CTA861_3
11-04 17:18:21.313 30700 30718 E IMGMapper: set:488 set: Unset optional value from type SMPTE2086
11-04 17:18:21.313 30700 30718 E IMGMapper: set:488 set: Unset optional value from type CTA861_3
11-04 17:18:21.330 30700 30718 E IMGMapper: set:488 set: Unset optional value from type SMPTE2086
11-04 17:18:21.330 30700 30718 E IMGMapper: set:488 set: Unset optional value from type CTA861_3
11-04 17:18:21.346 30700 30718 E IMGMapper: set:488 set: Unset optional value from type SMPTE2086
11-04 17:18:21.347 30700 30718 E IMGMapper: set:488 set: Unset optional value from type CTA861_3
11-04 17:18:21.425 30700 30705 D InputTransport: Input channel destroyed: 'ClientS', fd=158
11-04 17:18:21.426 30700 30718 D OpenGLRenderer: setSurface called with nullptr
11-04 17:18:21.429 30700 30718 D OpenGLRenderer: setSurface called with nullptr
11-04 17:18:21.429 30700 30718 D OpenGLRenderer: setSurface called with nullptr
11-04 17:18:21.429 30700 30705 D InputTransport: Input channel destroyed: 'ClientS', fd=114
11-04 17:18:21.431 30700 30718 D OpenGLRenderer: setSurface called with nullptr
