Am NeTHUNT⚓️⚓️⚓️BOT 
11-04 17:17:37.606 30700 30718 E IMGMapper: set:488 set: Unset optional value from type SMPTE2086
11-04 17:17:37.607 30700 30718 E IMGMapper: set:488 set: Unset optional value from type CTA861_3
11-04 17:17:37.622 30700 30718 E IMGMapper: set:488 set: Unset optional value from type SMPTE2086
11-04 17:17:37.622 30700 30718 E IMGMapper: set:488 set: Unset optional value from type CTA861_3
11-04 17:17:37.636 30700 30700 I ViewRootImpl@607964c[GlobalPreferencesActivity]: MSG_WINDOW_FOCUS_CHANGED 1 0
11-04 17:17:37.636 30700 30700 I ViewRootImpl@607964c[GlobalPreferencesActivity]: mThreadedRenderer.initializeIfNeeded()#2 mSurface={isValid=true 0xb400007015226800}
11-04 17:17:37.638 30700 30700 D InputMethodManager: startInputInner - Id : 0
11-04 17:17:37.638 30700 30700 I InputMethodManager: startInputInner - mService.startInputOrWindowGainedFocus
11-04 17:17:37.639 30700 30718 E IMGMapper: set:488 set: Unset optional value from type SMPTE2086
11-04 17:17:37.640 30700 30718 E IMGMapper: set:488 set: Unset optional value from type CTA861_3
11-04 17:17:37.658 30700 30718 E IMGMapper: set:488 set: Unset optional value from type SMPTE2086
11-04 17:17:37.658 30700 30718 E IMGMapper: set:488 set: Unset optional value from type CTA861_3
11-04 17:17:37.662 30700 30718 E IMGMapper: set:488 set: Unset optional value from type SMPTE2086
11-04 17:17:37.662 30700 30718 E IMGMapper: set:488 set: Unset optional value from type CTA861_3
11-04 17:17:37.672 30700 30718 E IMGMapper: set:488 set: Unset optional value from type SMPTE2086
11-04 17:17:37.673 30700 30718 E IMGMapper: set:488 set: Unset optional value from type CTA861_3
11-04 17:17:37.689 30700 30718 E IMGMapper: set:488 set: Unset optional value from type SMPTE2086
11-04 17:17:37.689 30700 30718 E IMGMapper: set:488 set: Unset optional value from type CTA861_3
11-04 17:17:37.706 30700 30718 E IMGMapper: set:488 set: Unset optional value from type SMPTE2086
11-04 17:17:37.706 30700 30718 E IMGMapper: set:488 set: Unset optional value from type CTA861_3
11-04 17:17:38.007 30700 30700 I ViewRootImpl@c909d18[ConnectionGridActivity]: handleAppVisibility mAppVisible = true visible = false
11-04 17:17:38.022 30700 30718 D OpenGLRenderer: setSurface called with nullptr
11-04 17:17:38.022 30700 30718 D OpenGLRenderer: setSurface() destroyed EGLSurface
11-04 17:17:38.022 30700 30718 D OpenGLRenderer: destroyEglSurface
11-04 17:17:38.023 30700 30718 D BufferQueueProducer: [ViewRootImpl@c909d18[ConnectionGridActivity]#10(BLAST Consumer)10](id:77ec0000000a,api:1,p:30700,c:30700) disconnect: api 1
11-04 17:17:38.027 30700 30700 I ViewRootImpl@c909d18[ConnectionGridActivity]: performTraversals mFirst=false windowShouldResize=false viewVisibilityChanged=true mForceNextWindowRelayout=false params=null
11-04 17:17:38.042 30700 30700 D BLASTBufferQueue: [ViewRootImpl@c909d18[ConnectionGridActivity]#10](f:0,a:1) destructor()
11-04 17:17:38.043 30700 30700 D BufferQueueConsumer: [ViewRootImpl@c909d18[ConnectionGridActivity]#10(BLAST Consumer)10](id:77ec0000000a,api:0,p:-1,c:30700) disconnect
11-04 17:17:38.045 30700 30700 I ViewRootImpl@c909d18[ConnectionGridActivity]: Relayout returned: old=(0,0,720,1600) new=(0,0,720,1600) req=(720,1600)8 dur=15 res=0x2 s={false 0x0} ch=true seqId=0
11-04 17:17:38.046 30700 30700 I ViewRootImpl@c909d18[ConnectionGridActivity]: stopped(true) old = false
11-04 17:17:38.046 30700 30700 I ViewRootImpl@c909d18[ConnectionGridActivity]: WindowStopped on com.offsec.nethunter.kex/com.undatech.opaque.ConnectionGridActivity set to true
11-04 17:17:38.050 30700 30700 I MSHandlerLifeCycle: removeMultiSplitHandler: no exist. decor=DecorView@137d528[ConnectionGridActivity]
11-04 17:17:38.055 30700 30700 I ViewRootImpl@c909d18[ConnectionGridActivity]: performTraversals mFirst=false windowShouldResize=false viewVisibilityChanged=false mForceNextWindowRelayout=false params={(0,0)(fillxfill) sim={adjust=pan} ty=BASE_APPLICATION wanim=0x10302f4
11-04 17:17:38.055 30700 30700 I ViewRootImpl@c909d18[ConnectionGridActivity]:   fl=81810100
11-04 17:17:38.055 30700 30700 I ViewRootImpl@c909d18[ConnectionGridActivity]:   pfl=12020040
11-04 17:17:38.055 30700 30700 I ViewRootImpl@c909d18[ConnectionGridActivity]:   bhv=DEFAULT
11-04 17:17:38.055 30700 30700 I ViewRootImpl@c909d18[ConnectionGridActivity]:   fitSides= naviIconColor=0}
11-04 17:17:38.065 30700 30700 I ViewRootImpl@c909d18[ConnectionGridActivity]: Relayout returned: old=(0,0,720,1600) new=(0,0,720,1600) req=(720,1600)8 dur=9 res=0x2 s={false 0x0} ch=false seqId=0
11-04 17:17:43.642 30700 30700 I ViewRootImpl@607964c[GlobalPreferencesActivity]: ViewPostIme pointer 0
11-04 17:17:43.724 30700 30700 I ViewRootImpl@607964c[GlobalPreferencesActivity]: ViewPostIme pointer 1
11-04 17:17:43.741 30700 30718 E IMGMapper: set:488 set: Unset optional value from type SMPTE2086
11-04 17:17:43.741 30700 30718 E IMGMapper: set:488 set: Unset optional value from type CTA861_3
11-04 17:17:43.766 30700 30718 E IMGMapper: set:488 set: Unset optional value from type SMPTE2086
11-04 17:17:43.766 30700 30718 E IMGMapper: set:488 set: Unset optional value from type CTA861_3
11-04 17:17:43.775 30700 30718 E IMGMapper: set:488 set: Unset optional value from type SMPTE2086
11-04 17:17:43.775 30700 30718 E IMGMapper: set:488 set: Unset optional value from type CTA861_3
11-04 17:17:43.791 30700 30718 E IMGMapper: set:488 set: Unset optional value from type SMPTE2086
11-04 17:17:43.791 30700 30718 E IMGMapper: set:488 set: Unset optional value from type CTA861_3
11-04 17:17:43.796 30700 30718 E IMGMapper: set:488 set: Unset optional value from type SMPTE2086
11-04 17:17:43.796 30700 30718 E IMGMapper: set:488 set: Unset optional value from type CTA861_3
11-04 17:17:43.811 30700 30718 E IMGMapper: set:488 set: Unset optional value from type SMPTE2086
11-04 17:17:43.811 30700 30718 E IMGMapper: set:488 set: Unset optional value from type CTA861_3
11-04 17:17:43.828 30700 30718 E IMGMapper: set:488 set: Unset optional value from type SMPTE2086
11-04 17:17:43.828 30700 30718 E IMGMapper: set:488 set: Unset optional value from type CTA861_3
11-04 17:17:43.844 30700 30718 E IMGMapper: set:488 set: Unset optional value from type SMPTE2086
11-04 17:17:43.844 30700 30718 E IMGMapper: set:488 set: Unset optional value from type CTA861_3
11-04 17:17:43.862 30700 30718 E IMGMapper: set:488 set: Unset optional value from type SMPTE2086
11-04 17:17:43.862 30700 30718 E IMGMapper: set:488 set: Unset optional value from type CTA861_3
11-04 17:17:43.878 30700 30718 E IMGMapper: set:488 set: Unset optional value from type SMPTE2086
11-04 17:17:43.878 30700 30718 E IMGMapper: set:488 set: Unset optional value from type CTA861_3
11-04 17:17:43.895 30700 30718 E IMGMapper: set:488 set: Unset optional value from type SMPTE2086
11-04 17:17:43.895 30700 30718 E IMGMapper: set:488 set: Unset optional value from type CTA861_3
11-04 17:17:43.912 30700 30718 E IMGMapper: set:488 set: Unset optional value from type SMPTE2086
11-04 17:17:43.912 30700 30718 E IMGMapper: set:488 set: Unset optional value from type CTA861_3
11-04 17:17:43.929 30700 30718 E IMGMapper: set:488 set: Unset optional value from type SMPTE2086
11-04 17:17:43.929 30700 30718 E IMGMapper: set:488 set: Unset optional value from type CTA861_3
11-04 17:17:43.945 30700 30718 E IMGMapper: set:488 set: Unset optional value from type SMPTE2086
11-04 17:17:43.945 30700 30718 E IMGMapper: set:488 set: Unset optional value from type CTA861_3
11-04 17:17:43.962 30700 30718 E IMGMapper: set:488 set: Unset optional value from type SMPTE2086
11-04 17:17:43.962 30700 30718 E IMGMapper: set:488 set: Unset optional value from type CTA861_3
11-04 17:17:43.979 30700 30718 E IMGMapper: set:488 set: Unset optional value from type SMPTE2086
11-04 17:17:43.979 30700 30718 E IMGMapper: set:488 set: Unset optional value from type CTA861_3
11-04 17:17:43.996 30700 30718 E IMGMapper: set:488 set: Unset optional value from type SMPTE2086
11-04 17:17:43.996 30700 30718 E IMGMapper: set:488 set: Unset optional value from type CTA861_3
11-04 17:17:44.013 30700 30718 E IMGMapper: set:488 set: Unset optional value from type SMPTE2086
11-04 17:17:44.013 30700 30718 E IMGMapper: set:488 set: Unset optional value from type CTA861_3
11-04 17:17:44.029 30700 30718 E IMGMapper: set:488 set: Unset optional value from type SMPTE2086
11-04 17:17:44.029 30700 30718 E IMGMapper: set:488 set: Unset optional value from type CTA861_3
11-04 17:17:44.047 30700 30718 E IMGMapper: set:488 set: Unset optional value from type SMPTE2086
11-04 17:17:44.047 30700 30718 E IMGMapper: set:488 set: Unset optional value from type CTA861_3
11-04 17:17:44.063 30700 30718 E IMGMapper: set:488 set: Unset optional value from type SMPTE2086
11-04 17:17:44.063 30700 30718 E IMGMapper: set:488 set: Unset optional value from type CTA861_3
11-04 17:17:44.080 30700 30718 E IMGMapper: set:488 set: Unset optional value from type SMPTE2086
11-04 17:17:44.080 30700 30718 E IMGMapper: set:488 set: Unset optional value from type CTA861_3
11-04 17:17:44.097 30700 30718 E IMGMapper: set:488 set: Unset optional value from type SMPTE2086
11-04 17:17:44.097 30700 30718 E IMGMapper: set:488 set: Unset optional value from type CTA861_3
11-04 17:17:44.114 30700 30718 E IMGMapper: set:488 set: Unset optional value from type SMPTE2086
11-04 17:17:44.114 30700 30718 E IMGMapper: set:488 set: Unset optional value from type CTA861_3
11-04 17:17:47.706 30700 30700 I ViewRootImpl@607964c[GlobalPreferencesActivity]: ViewPostIme key 0
11-04 17:17:47.706 30700 30700 D Activity: onKeyDown(KEYCODE_BACK)
11-04 17:17:47.786 30700 30700 I ViewRootImpl@607964c[GlobalPreferencesActivity]: ViewPostIme key 1
11-04 17:17:47.786 30700 30700 D Activity: onKeyUp(KEYCODE_BACK) isTracking()=true isCanceled()=false hasCallback=false
11-04 17:17:47.786 30700 30700 D Activity: onBackPressed
11-04 17:17:47.809 30700 30700 I ViewRootImpl@c909d18[ConnectionGridActivity]: handleAppVisibility mAppVisible = false visible = true
11-04 17:17:47.809 30700 30700 I ViewRootImpl@c909d18[ConnectionGridActivity]: stopped(false) old = true
11-04 17:17:47.809 30700 30700 I ViewRootImpl@c909d18[ConnectionGridActivity]: WindowStopped on com.offsec.nethunter.kex/com.undatech.opaque.ConnectionGridActivity set to false
11-04 17:17:47.813 30700 30700 I MSHandlerLifeCycle: removeMultiSplitHandler: no exist. decor=DecorView@137d528[ConnectionGridActivity]
11-04 17:17:47.813 30700 30700 I ViewRootImpl@c909d18[ConnectionGridActivity]: stopped(false) old = false
11-04 17:17:47.813 30700 30700 D Utils   : Version of com.offsec.nethunter.kex is v5.2.5-1_11525001
11-04 17:17:47.813 30700 30700 I ConnectionGridActivity: onResume of version v5.2.5-1_11525001
11-04 17:17:47.827 30700 30700 I ConnectionGridActivity: onResumeFragments called
11-04 17:17:47.838 30700 30700 I MSHandlerLifeCycle: removeMultiSplitHandler: no exist. decor=DecorView@137d528[ConnectionGridActivity]
11-04 17:17:47.840 30700 30700 D LabeledImageApapter: Now setting label at position: 0 to: NetHunter KeX
11-04 17:17:47.840 30700 30700 D LabeledImageApapter: 127.0.0.1:1:5900
11-04 17:17:47.842 30700 30700 E ThemeUtils: View class androidx.appcompat.widget.AppCompatImageView is an AppCompat widget that can only be used with a Theme.AppCompat theme (or descendant).
11-04 17:17:47.845 30700 30700 I ViewRootImpl@c909d18[ConnectionGridActivity]: performTraversals mFirst=false windowShouldResize=false viewVisibilityChanged=true mForceNextWindowRelayout=false params={(0,0)(fillxfill) sim={adjust=resize} ty=BASE_APPLICATION wanim=0x10302f4
11-04 17:17:47.845 30700 30700 I ViewRootImpl@c909d18[ConnectionGridActivity]:   fl=81810100
11-04 17:17:47.845 30700 30700 I ViewRootImpl@c909d18[ConnectionGridActivity]:   pfl=12020040
11-04 17:17:47.845 30700 30700 I ViewRootImpl@c909d18[ConnectionGridActivity]:   bhv=DEFAULT
11-04 17:17:47.845 30700 30700 I ViewRootImpl@c909d18[ConnectionGridActivity]:   fitSides= naviIconColor=0}
11-04 17:17:47.859 30700 30700 I ViewRootImpl@c909d18[ConnectionGridActivity]: updateBlastSurfaceIfNeeded mBlastBufferQueue=null isSameSurfaceControl=false
11-04 17:17:47.859 30700 30700 D BufferQueueConsumer: [](id:77ec0000000c,api:0,p:-1,c:30700) connect: controlledByApp=false
11-04 17:17:47.860 30700 30700 I BLASTBufferQueue: new BLASTBufferQueue, mName= ViewRootImpl@c909d18[ConnectionGridActivity] mNativeObject= 0xb40000701c1fea00 sc.mNativeObject= 0xb40000709531ce80 caller= android.view.ViewRootImpl.updateBlastSurfaceIfNeeded:2909 android.view.ViewRootImpl.relayoutWindow:9847 android.view.ViewRootImpl.performTraversals:3884 android.view.ViewRootImpl.doTraversal:3116 android.view.ViewRootImpl$TraversalRunnable.run:10885 android.view.Choreographer$CallbackRecord.run:1301 android.view.Choreographer$CallbackRecord.run:1309 android.view.Choreographer.doCallbacks:923 android.view.Choreographer.doFrame:852 android.view.Choreographer$FrameDisplayEventReceiver.run:1283 
11-04 17:17:47.860 30700 30700 I BLASTBufferQueue: update, w= 720 h= 1600 mName = ViewRootImpl@c909d18[ConnectionGridActivity] mNativeObject= 0xb40000701c1fea00 sc.mNativeObject= 0xb40000709531ce80 format= -1 caller= android.graphics.BLASTBufferQueue.<init>:84 android.view.ViewRootImpl.updateBlastSurfaceIfNeeded:2909 android.view.ViewRootImpl.relayoutWindow:9847 android.view.ViewRootImpl.performTraversals:3884 android.view.ViewRootImpl.doTraversal:3116 android.view.ViewRootImpl$TraversalRunnable.run:10885 
11-04 17:17:47.860 30700 30700 I ViewRootImpl@c909d18[ConnectionGridActivity]: Relayout returned: old=(0,0,720,1600) new=(0,0,720,1600) req=(720,1600)0 dur=14 res=0x3 s={true 0xb400007015213000} ch=true seqId=0
11-04 17:17:47.861 30700 30700 I ViewRootImpl@c909d18[ConnectionGridActivity]: mThreadedRenderer.initialize() mSurface={isValid=true 0xb400007015213000} hwInitialized=true
11-04 17:17:47.861 30700 30718 D BufferQueueProducer: [ViewRootImpl@c909d18[ConnectionGridActivity]#12(BLAST Consumer)12](id:77ec0000000c,api:1,p:30700,c:30700) connect: api=1 producerControlledByApp=true
11-04 17:17:47.861 30700 30700 D LabeledImageApapter: Now setting label at position: 0 to: NetHunter KeX
11-04 17:17:47.861 30700 30700 D LabeledImageApapter: 127.0.0.1:1:5900
11-04 17:17:47.862 30700 30718 D OpenGLRenderer: eglCreateWindowSurface
11-04 17:17:47.864 30700 30700 I ViewRootImpl@c909d18[ConnectionGridActivity]: reportNextDraw android.view.ViewRootImpl.performTraversals:4438 android.view.ViewRootImpl.doTraversal:3116 android.view.ViewRootImpl$TraversalRunnable.run:10885 android.view.Choreographer$CallbackRecord.run:1301 android.view.Choreographer$CallbackRecord.run:1309 
11-04 17:17:47.864 30700 30700 I ViewRootImpl@c909d18[ConnectionGridActivity]: Setup new sync id=4
11-04 17:17:47.864 30700 30700 I ViewRootImpl@c909d18[ConnectionGridActivity]: Setting syncFrameCallback
11-04 17:17:47.864 30700 30700 I ViewRootImpl@c909d18[ConnectionGridActivity]: registerCallbacksForSync syncBuffer=false
11-04 17:17:47.871 30700 30734 I ViewRootImpl@c909d18[ConnectionGridActivity]: Received frameDrawingCallback syncResult=0 frameNum=1.
11-04 17:17:47.871 30700 30734 I ViewRootImpl@c909d18[ConnectionGridActivity]: Setting up sync and frameCommitCallback
11-04 17:17:47.876 30700 30718 E IMGMapper: set:488 set: Unset optional value from type SMPTE2086
11-04 17:17:47.877 30700 30718 E IMGMapper: set:488 set: Unset optional value from type CTA861_3
11-04 17:17:47.877 30700 30718 I BLASTBufferQueue: [ViewRootImpl@c909d18[ConnectionGridActivity]#12](f:0,a:0) onFrameAvailable the first frame is available
11-04 17:17:47.878 30700 30718 D BLASTBufferQueue: [ViewRootImpl@c909d18[ConnectionGridActivity]#12](f:0,a:1) acquireNextBufferLocked size=720x1600 mFrameNumber=1 applyTransaction=true mTimestamp=45591798356484(auto) mPendingTransactions.size=0 graphicBufferId=131855495987294 transform=0
11-04 17:17:47.878 30700 30718 I ViewRootImpl@c909d18[ConnectionGridActivity]: Received frameCommittedCallback lastAttemptedDrawFrameNum=1 didProduceBuffer=true
11-04 17:17:47.879 30700 30718 D OpenGLRenderer: setSurface called with nullptr
11-04 17:17:47.879 30700 30700 I ViewRootImpl@c909d18[ConnectionGridActivity]: onSyncComplete
11-04 17:17:47.879 30700 30718 D OpenGLRenderer: setSurface called with nullptr
11-04 17:17:47.879 30700 30700 I ViewRootImpl@c909d18[ConnectionGridActivity]: setupSync seqId=0 mSyncId=4 fn=1 caller=android.view.ViewRootImpl$$ExternalSyntheticLambda11.accept:6 android.window.SurfaceSyncer.lambda$setupSync$1$android-window-SurfaceSyncer:128 android.window.SurfaceSyncer$$ExternalSyntheticLambda1.accept:8 android.window.SurfaceSyncer$SyncSet.checkIfSyncIsComplete:382 android.window.SurfaceSyncer$SyncSet.markSyncReady:359 android.window.SurfaceSyncer.markSyncReady:151 android.view.ViewRootImpl.performTraversals:4503 
11-04 17:17:47.880 30700 30718 D OpenGLRenderer: setSurface called with nullptr
11-04 17:17:47.880 30700 30700 I ViewRootImpl@c909d18[ConnectionGridActivity]: reportDrawFinished seqId=0 mSyncId=-1 fn=1 mSurfaceChangedTransaction=0xb400007095223b00
11-04 17:17:47.880 30700 30700 I ViewRootImpl@607964c[GlobalPreferencesActivity]: MSG_WINDOW_FOCUS_CHANGED 0 0
11-04 17:17:47.880 30700 30705 D InputTransport: Input channel destroyed: 'ClientS', fd=121
11-04 17:17:47.890 30700 30718 E IMGMapper: set:488 set: Unset optional value from type SMPTE2086
11-04 17:17:47.890 30700 30718 E IMGMapper: set:488 set: Unset optional value from type CTA861_3
11-04 17:17:47.952 30700 30700 I ViewRootImpl@c909d18[ConnectionGridActivity]: MSG_WINDOW_FOCUS_CHANGED 1 0
11-04 17:17:47.952 30700 30700 I ViewRootImpl@c909d18[ConnectionGridActivity]: mThreadedRenderer.initializeIfNeeded()#2 mSurface={isValid=true 0xb400007015213000}
11-04 17:17:47.953 30700 30700 D InputMethodManager: startInputInner - Id : 0
11-04 17:17:47.953 30700 30700 I InputMethodManager: startInputInner - mService.startInputOrWindowGainedFocus
11-04 17:17:47.972 30700 30718 E IMGMapper: set:488 set: Unset optional value from type SMPTE2086
11-04 17:17:47.972 30700 30718 E IMGMapper: set:488 set: Unset optional value from type CTA861_3
11-04 17:17:48.217 30700 30700 I ViewRootImpl@607964c[GlobalPreferencesActivity]: handleAppVisibility mAppVisible = true visible = false
11-04 17:17:48.234 30700 30718 D OpenGLRenderer: setSurface called with nullptr
11-04 17:17:48.234 30700 30718 D OpenGLRenderer: setSurface() destroyed EGLSurface
11-04 17:17:48.234 30700 30718 D OpenGLRenderer: destroyEglSurface
11-04 17:17:48.235 30700 30718 D BufferQueueProducer: [ViewRootImpl@607964c[GlobalPreferencesActivity]#11(BLAST Consumer)11](id:77ec0000000b,api:1,p:30700,c:30700) disconnect: api 1
11-04 17:17:48.236 30700 30700 I ViewRootImpl@607964c[GlobalPreferencesActivity]: performTraversals mFirst=false windowShouldResize=false viewVisibilityChanged=true mForceNextWindowRelayout=false params=null
11-04 17:17:48.244 30700 30700 D BLASTBufferQueue: [ViewRootImpl@607964c[GlobalPreferencesActivity]#11](f:0,a:1) destructor()
11-04 17:17:48.244 30700 30700 D BufferQueueConsumer: [ViewRootImpl@607964c[GlobalPreferencesActivity]#11(BLAST Consumer)11](id:77ec0000000b,api:0,p:-1,c:30700) disconnect
11-04 17:17:48.245 30700 30700 I ViewRootImpl@607964c[GlobalPreferencesActivity]: Relayout returned: old=(0,0,720,1600) new=(0,0,720,1600) req=(720,1600)8 dur=7 res=0x2 s={false 0x0} ch=true seqId=0
11-04 17:17:48.245 30700 30700 I ViewRootImpl@607964c[GlobalPreferencesActivity]: stopped(true) old = false
11-04 17:17:48.245 30700 30700 I ViewRootImpl@607964c[GlobalPreferencesActivity]: WindowStopped on com.offsec.nethunter.kex/com.iiordanov.bVNC.GlobalPreferencesActivity set to true
11-04 17:17:48.247 30700 30700 I MSHandlerLifeCycle: removeMultiSplitHandler: no exist. decor=DecorView@69e3fa7[GlobalPreferencesActivity]
11-04 17:17:48.253 30700 30700 I MSHandlerLifeCycle: removeMultiSplitHandler: no exist. decor=DecorView@69e3fa7[GlobalPreferencesActivity]
11-04 17:17:48.254 30700 30718 D OpenGLRenderer: setSurface called with nullptr
11-04 17:17:48.254 30700 30700 I ViewRootImpl@607964c[GlobalPreferencesActivity]: dispatchDetachedFromWindow
11-04 17:17:48.261 30700 30700 D InputTransport: Input channel destroyed: '9a7cef7', fd=102
11-04 17:17:48.483 30700 30718 E IMGMapper: set:488 set: Unset optional value from type SMPTE2086
11-04 17:17:48.484 30700 30718 E IMGMapper: set:488 set: Unset optional value from type CTA861_3
11-04 17:17:48.706 30700 30700 I ViewRootImpl@c909d18[ConnectionGridActivity]: ViewPostIme pointer 0
11-04 17:17:48.821 30700 30700 I ViewRootImpl@c909d18[ConnectionGridActivity]: ViewPostIme pointer 1
11-04 17:17:48.822 30700 30700 D AbsListView: onTouchUp() mTouchMode : 1
11-04 17:17:48.824 30700 30718 E IMGMapper: set:488 set: Unset optional value from type SMPTE2086
11-04 17:17:48.824 30700 30718 E IMGMapper: set:488 set: Unset optional value from type CTA861_3
11-04 17:17:48.840 30700 30718 E IMGMapper: set:488 set: Unset optional value from type SMPTE2086
11-04 17:17:48.840 30700 30718 E IMGMapper: set:488 set: Unset optional value from type CTA861_3
11-04 17:17:48.859 30700 30718 E IMGMapper: set:488 set: Unset optional value from type SMPTE2086
11-04 17:17:48.860 30700 30718 E IMGMapper: set:488 set: Unset optional value from type CTA861_3
11-04 17:17:48.876 30700 30718 E IMGMapper: set:488 set: Unset optional value from type SMPTE2086
11-04 17:17:48.877 30700 30718 E IMGMapper: set:488 set: Unset optional value from type CTA861_3
11-04 17:17:48.887 30700 30700 I IMM_LC  : hsifw() - flag : 0
11-04 17:17:48.887 30700 30700 I IMM_LC  : hsifw() - mService.hideSoftInput
11-04 17:17:48.888 30700 30700 I ConnectionGridActivity: Launch Connection
11-04 17:17:48.893 30700 30718 E IMGMapper: set:488 set: Unset optional value from type SMPTE2086
11-04 17:17:48.893 30700 30718 E IMGMapper: set:488 set: Unset optional value from type CTA861_3
11-04 17:17:48.910 30700 30718 E IMGMapper: set:488 set: Unset optional value from type SMPTE2086
11-04 17:17:48.910 30700 30718 E IMGMapper: set:488 set: Unset optional value from type CTA861_3
11-04 17:17:48.914 30700 30700 I ConnectionGridActivity: onPause
11-04 17:17:48.926 30700 30718 E IMGMapper: set:488 set: Unset optional value from type SMPTE2086
11-04 17:17:48.926 30700 30718 E IMGMapper: set:488 set: Unset optional value from type CTA861_3
11-04 17:17:48.937 30700 30700 D RemoteCanvasActivity: OnCreate called
11-04 17:17:48.940 30700 30700 W c.nethunter.kex: Accessing hidden field Landroid/view/ViewConfiguration;->sHasPermanentMenuKey:Z (max-target-p, reflection, denied)
11-04 17:17:48.943 30700 30700 I DecorView: onImmersiveModeChanged: isStatusBarHidden=true
11-04 17:17:48.943 30700 30718 E IMGMapper: set:488 set: Unset optional value from type SMPTE2086
11-04 17:17:48.943 30700 30718 E IMGMapper: set:488 set: Unset optional value from type CTA861_3
11-04 17:17:48.945 30700 30700 I DecorView: [INFO] isPopOver=false config=true
11-04 17:17:48.945 30700 30700 I DecorView: updateCaptionType: isFloating=false isApplication=true hasWindowDecorCaption=false this=DecorView@95c06cd[]
11-04 17:17:48.945 30700 30700 D DecorView: setCaptionType = 0, this = DecorView@95c06cd[]
11-04 17:17:48.946 30700 30700 I DecorView: getCurrentDensityDpi: from real metrics. densityDpi=300 msg=resources_loaded
11-04 17:17:48.946 30700 30700 I DecorView: setWindowBackground: isPopOver=false color=ff303030 d=android.graphics.drawable.ColorDrawable@e6c3293
11-04 17:17:48.960 30700 30718 E IMGMapper: set:488 set: Unset optional value from type SMPTE2086
11-04 17:17:48.960 30700 30718 E IMGMapper: set:488 set: Unset optional value from type CTA861_3
11-04 17:17:48.977 30700 30718 E IMGMapper: set:488 set: Unset optional value from type SMPTE2086
11-04 17:17:48.977 30700 30718 E IMGMapper: set:488 set: Unset optional value from type CTA861_3
11-04 17:17:48.993 30700 30718 E IMGMapper: set:488 set: Unset optional value from type SMPTE2086
11-04 17:17:48.993 30700 30718 E IMGMapper: set:488 set: Unset optional value from type CTA861_3
11-04 17:17:49.013 30700 30718 E IMGMapper: set:488 set: Unset optional value from type SMPTE2086
11-04 17:17:49.013 30700 30718 E IMGMapper: set:488 set: Unset optional value from type CTA861_3
11-04 17:17:49.028 30700 30718 E IMGMapper: set:488 set: Unset optional value from type SMPTE2086
11-04 17:17:49.028 30700 30718 E IMGMapper: set:488 set: Unset optional value from type CTA861_3
11-04 17:17:49.044 30700 30718 E IMGMapper: set:488 set: Unset optional value from type SMPTE2086
11-04 17:17:49.044 30700 30718 E IMGMapper: set:488 set: Unset optional value from type CTA861_3
11-04 17:17:49.057 30700 30700 D RemoteCanvasActivity: Initializing serialized connection
11-04 17:17:49.057 30700 30700 D RemoteCanvasActivity: Loading values from serialized connection
11-04 17:17:49.061 30700 30700 D ConnectionBean: loadFromSharedPreferences called
11-04 17:17:49.061 30700 30718 E IMGMapper: set:488 set: Unset optional value from type SMPTE2086
11-04 17:17:49.061 30700 30718 E IMGMapper: set:488 set: Unset optional value from type CTA861_3
11-04 17:17:49.085 30700 30718 E IMGMapper: set:488 set: Unset optional value from type SMPTE2086
11-04 17:17:49.085 30700 30718 E IMGMapper: set:488 set: Unset optional value from type CTA861_3
11-04 17:17:49.101 30700 30718 E IMGMapper: set:488 set: Unset optional value from type SMPTE2086
11-04 17:17:49.101 30700 30718 E IMGMapper: set:488 set: Unset optional value from type CTA861_3
11-04 17:17:49.114 30700 30718 E IMGMapper: set:488 set: Unset optional value from type SMPTE2086
11-04 17:17:49.114 30700 30718 E IMGMapper: set:488 set: Unset optional value from type CTA861_3
11-04 17:17:49.129 30700 30718 E IMGMapper: set:488 set: Unset optional value from type SMPTE2086
11-04 17:17:49.129 30700 30718 E IMGMapper: set:488 set: Unset optional value from type CTA861_3
11-04 17:17:49.145 30700 30718 E IMGMapper: set:488 set: Unset optional value from type SMPTE2086
11-04 17:17:49.145 30700 30718 E IMGMapper: set:488 set: Unset optional value from type CTA861_3
11-04 17:17:49.161 30700 30718 E IMGMapper: set:488 set: Unset optional value from type SMPTE2086
11-04 17:17:49.161 30700 30718 E IMGMapper: set:488 set: Unset optional value from type CTA861_3
11-04 17:17:49.177 30700 30718 E IMGMapper: set:488 set: Unset optional value from type SMPTE2086
11-04 17:17:49.177 30700 30718 E IMGMapper: set:488 set: Unset optional value from type CTA861_3
11-04 17:17:49.195 30700 30718 E IMGMapper: set:488 set: Unset optional value from type SMPTE2086
11-04 17:17:49.195 30700 30718 E IMGMapper: set:488 set: Unset optional value from type CTA861_3
11-04 17:17:49.208 30700 30700 W NetworkUtils: tryRunningWithTimeoutAsync: Exception caught, default false returned
11-04 17:17:49.209 30700 30700 I Dialog  : mIsDeviceDefault = false, mIsSamsungBasicInteraction = false, isMetaDataInActivity = false
11-04 17:17:49.212 30700 30718 E IMGMapper: set:488 set: Unset optional value from type SMPTE2086
11-04 17:17:49.212 30700 30718 E IMGMapper: set:488 set: Unset optional value from type CTA861_3
11-04 17:17:49.230 30700 30700 I DecorView: [INFO] isPopOver=false config=false
11-04 17:17:49.230 30700 30700 I DecorView: updateCaptionType: isFloating=true isApplication=true hasWindowDecorCaption=false this=DecorView@2881c2a[Connecting…]
11-04 17:17:49.230 30700 30700 D DecorView: setCaptionType = 0, this = DecorView@2881c2a[Connecting…]
11-04 17:17:49.231 30700 30700 I DecorView: setWindowBackground: isPopOver=false color=ff010101 d=android.graphics.drawable.InsetDrawable@534e7b8
11-04 17:17:49.236 30700 30700 D ScrollView: initGoToTop
11-04 17:17:49.240 30700 30700 D ScrollView: initGoToTop
11-04 17:17:49.244 30700 30700 W Settings: Setting show_button_background has moved from android.provider.Settings.System to android.provider.Settings.Global, returning read-only value.
11-04 17:17:49.249 30700 30718 D NativeCustomFrequencyManager: [NativeCFMS] BpCustomFrequencyManager::BpCustomFrequencyManager()
11-04 17:17:49.262 30700 30700 D InsetsController: onStateChanged: InsetsState: {mDisplayFrame=Rect(0, 0 - 1600, 720), mDisplayCutout=DisplayCutout{insets=Rect(45, 0 - 0, 0) waterfall=Insets{left=0, top=0, right=0, bottom=0} boundingRect={Bounds=[Rect(0, 272 - 45, 448), Rect(0, 0 - 0, 0), Rect(0, 0 - 0, 0), Rect(0, 0 - 0, 0)]} cutoutPathParserInfo={CutoutPathParserInfo{displayWidth=720 displayHeight=1600 physicalDisplayWidth=720 physicalDisplayHeight=1600 density={1.875} cutoutSpec={M 0,0 H -46.93333333333333 V 24 H 46.93333333333333 V 0 H 0 Z @dp} rotation={1} scale={1.0} physicalPixelDisplaySizeRatio={1.0}}}}, mRoundedCorners=RoundedCorners{[RoundedCorner{position=TopLeft, radius=60, center=Point(60, 60)}, RoundedCorner{position=TopRight, radius=60, center=Point(1540, 60)}, RoundedCorner{position=BottomRight, radius=60, center=Point(1540, 660)}, RoundedCorner{position=BottomLeft, radius=60, center=Point(60, 660)}]}  mRoundedCornerFrame=Rect(0, 0 - 1600, 720), mPrivacyIndicatorBounds=PrivacyIndicatorBounds {static bounds=Rect(1435, 0 - 1518, 45) rotation=1}, mSources= { InsetsSource: {mType=ITYPE_STATUS_BAR, mFrame=[0,0][1600,45], mVisible=true, mInsetsRoundedCornerFrame=false}, InsetsSource: {mType=ITYPE_NAVIGATION_BAR, mFrame=[1510,0][1600,720], mVisible=true, mInsetsRoundedCornerFrame=false}, InsetsSource: {mType=ITYPE_LEFT_GESTURES, mFrame=[0,0][45,720], mVisible=true, mInsetsRoundedCornerFrame=false}, InsetsSource: {mType=ITYPE_RIGHT_GESTURES, mFrame=[1600,0][1600,720], mVisible=true, mInsetsRoundedCornerFrame=false}, InsetsSource: {mType=ITYPE_TOP_MANDATORY_GESTURES, mFrame=[0,0][1600,45], mVisible=true, mInsetsRoundedCornerFrame=false}, InsetsSource: {mType=ITYPE_BOTTOM_MANDATORY_GESTURES, mFrame=[1510,0][1600,720], mVisible=true, mInsetsRoundedCornerFrame=false}, InsetsSource: {mType=ITYPE_LEFT_DISPLAY_CUTOUT, mFrame=[0,0][45,720], mVisible=true, mInsetsRoundedCornerFrame=false}, InsetsSource: {mType=ITYPE_TOP_DISPLAY_CUTOUT, mFrame=[0,0][1600,-100000], mVisible=true, mInsetsRoundedCornerFrame=false}, InsetsSource: {mType=ITYPE_RIGHT_DISPLAY_CUTOUT, mFrame=[100000,0][1600,720], mVisible=true, mInsetsRoundedCornerFrame=false}, InsetsSource: {mType=ITYPE_BOTTOM_DISPLAY_CUTOUT, mFrame=[0,100000][1600,720], mVisible=true, mInsetsRoundedCornerFrame=false}, InsetsSource: {mType=ITYPE_TOP_TAPPABLE_ELEMENT, mFrame=[0,0][1600,45], mVisible=true, mInsetsRoundedCornerFrame=false}, InsetsSource: {mType=ITYPE_BOTTOM_TAPPABLE_ELEMENT, mFrame=[1510,0][1600,720], mVisible=true, mInsetsRoundedCornerFrame=false}, InsetsSource: {mType=ITYPE_IME, mFrame=[0,0][0,0], mVisible=false, mInsetsRoundedCornerFrame=false} } host=Connecting… from=android.view.ViewRootImpl.setView:1732
11-04 17:17:49.263 30700 30700 I ViewRootImpl@76008ce[Connecting…]: setView = com.android.internal.policy.DecorView@2881c2a TM=true
11-04 17:17:49.263 30700 30700 D RemoteCanvasActivity: continueConnecting
11-04 17:17:49.264 30700 30700 D RemoteCanvasActivity: OnCreate complete
11-04 17:17:49.266 30700 30700 I RemoteCanvasActivity: onStart called.
11-04 17:17:49.267 30700 30700 I ViewRootImpl@76008ce[Connecting…]: stopped(false) old = false
11-04 17:17:49.267 30700 30700 I RemoteCanvasActivity: onResume called.
11-04 17:17:49.268 30700 30700 I MSHandlerLifeCycle: check: return. pkg=com.offsec.nethunter.kex parent=null callers=com.android.internal.policy.DecorView.setVisibility:4411 android.app.ActivityThread.handleResumeActivity:5476 android.app.servertransaction.ResumeActivityItem.execute:54 android.app.servertransaction.ActivityTransactionItem.execute:45 android.app.servertransaction.TransactionExecutor.executeLifecycleState:176 
11-04 17:17:49.268 30700 30700 I MSHandlerLifeCycle: removeMultiSplitHandler: no exist. decor=DecorView@95c06cd[]
11-04 17:17:49.270 30700 30718 D NativeCustomFrequencyManager: [NativeCFMS] BpCustomFrequencyManager::BpCustomFrequencyManager()
11-04 17:17:49.271 30700 30700 I DecorView: notifyKeepScreenOnChanged: keepScreenOn=false
11-04 17:17:49.272 30700 30700 D InsetsSourceConsumer: setRequestedVisible: visible=false, type=20, host=com.offsec.nethunter.kex/com.iiordanov.bVNC.RemoteCanvasActivity, from=android.view.InsetsSourceConsumer.hide:257 android.view.InsetsController.collectSourceControls:1310 android.view.InsetsController.controlAnimationUnchecked:1164 android.view.InsetsController.applyAnimation:1576 android.view.InsetsController.applyAnimation:1557 android.view.InsetsController.hide:1093 android.view.InsetsController.hide:1068 android.view.ViewRootImpl.controlInsetsForCompatibility:3339 android.view.ViewRootImpl.setView:1698 android.view.WindowManagerGlobal.addView:567 
11-04 17:17:49.272 30700 30700 D InsetsSourceConsumer: setRequestedVisible: visible=false, type=0, host=com.offsec.nethunter.kex/com.iiordanov.bVNC.RemoteCanvasActivity, from=android.view.InsetsSourceConsumer.hide:257 android.view.InsetsController.collectSourceControls:1310 android.view.InsetsController.controlAnimationUnchecked:1164 android.view.InsetsController.applyAnimation:1576 android.view.InsetsController.applyAnimation:1557 android.view.InsetsController.hide:1093 android.view.InsetsController.hide:1068 android.view.ViewRootImpl.controlInsetsForCompatibility:3339 android.view.ViewRootImpl.setView:1698 android.view.WindowManagerGlobal.addView:567 
11-04 17:17:49.278 30700 30700 D InsetsController: onStateChanged: InsetsState: {mDisplayFrame=Rect(0, 0 - 1600, 720), mDisplayCutout=DisplayCutout{insets=Rect(45, 0 - 0, 0) waterfall=Insets{left=0, top=0, right=0, bottom=0} boundingRect={Bounds=[Rect(0, 272 - 45, 448), Rect(0, 0 - 0, 0), Rect(0, 0 - 0, 0), Rect(0, 0 - 0, 0)]} cutoutPathParserInfo={CutoutPathParserInfo{displayWidth=720 displayHeight=1600 physicalDisplayWidth=720 physicalDisplayHeight=1600 density={1.875} cutoutSpec={M 0,0 H -46.93333333333333 V 24 H 46.93333333333333 V 0 H 0 Z @dp} rotation={1} scale={1.0} physicalPixelDisplaySizeRatio={1.0}}}}, mRoundedCorners=RoundedCorners{[RoundedCorner{position=TopLeft, radius=60, center=Point(60, 60)}, RoundedCorner{position=TopRight, radius=60, center=Point(1540, 60)}, RoundedCorner{position=BottomRight, radius=60, center=Point(1540, 660)}, RoundedCorner{position=BottomLeft, radius=60, center=Point(60, 660)}]}  mRoundedCornerFrame=Rect(0, 0 - 1600, 720), mPrivacyIndicatorBounds=PrivacyIndicatorBounds {static bounds=Rect(1435, 0 - 1518, 45) rotation=1}, mSources= { InsetsSource: {mType=ITYPE_STATUS_BAR, mFrame=[0,0][1600,45], mVisible=true, mInsetsRoundedCornerFrame=false}, InsetsSource: {mType=ITYPE_NAVIGATION_BAR, mFrame=[1510,0][1600,720], mVisible=true, mInsetsRoundedCornerFrame=false}, InsetsSource: {mType=ITYPE_LEFT_GESTURES, mFrame=[0,0][45,720], mVisible=true, mInsetsRoundedCornerFrame=false}, InsetsSource: {mType=ITYPE_RIGHT_GESTURES, mFrame=[1600,0][1600,720], mVisible=true, mInsetsRoundedCornerFrame=false}, InsetsSource: {mType=ITYPE_TOP_MANDATORY_GESTURES, mFrame=[0,0][1600,45], mVisible=true, mInsetsRoundedCornerFrame=false}, InsetsSource: {mType=ITYPE_BOTTOM_MANDATORY_GESTURES, mFrame=[1510,0][1600,720], mVisible=true, mInsetsRoundedCornerFrame=false}, InsetsSource: {mType=ITYPE_LEFT_DISPLAY_CUTOUT, mFrame=[0,0][45,720], mVisible=true, mInsetsRoundedCornerFrame=false}, InsetsSource: {mType=ITYPE_TOP_DISPLAY_CUTOUT, mFrame=[0,0][1600,-100000], mVisible=true, mInsetsRoundedCornerFrame=false}, InsetsSource: {mType=ITYPE_RIGHT_DISPLAY_CUTOUT, mFrame=[100000,0][1600,720], mVisible=true, mInsetsRoundedCornerFrame=false}, InsetsSource: {mType=ITYPE_BOTTOM_DISPLAY_CUTOUT, mFrame=[0,100000][1600,720], mVisible=true, mInsetsRoundedCornerFrame=false}, InsetsSource: {mType=ITYPE_TOP_TAPPABLE_ELEMENT, mFrame=[0,0][1600,45], mVisible=true, mInsetsRoundedCornerFrame=false}, InsetsSource: {mType=ITYPE_BOTTOM_TAPPABLE_ELEMENT, mFrame=[1510,0][1600,720], mVisible=true, mInsetsRoundedCornerFrame=false}, InsetsSource: {mType=ITYPE_IME, mFrame=[0,0][0,0], mVisible=false, mInsetsRoundedCornerFrame=false} } host=com.offsec.nethunter.kex/com.iiordanov.bVNC.RemoteCanvasActivity from=android.view.ViewRootImpl.setView:1732
11-04 17:17:49.279 30700 30700 I ViewRootImpl@f02d194[RemoteCanvasActivity]: setView = com.android.internal.policy.DecorView@95c06cd TM=true
11-04 17:17:49.280 30700 30700 I MSHandlerLifeCycle: removeMultiSplitHandler: no exist. decor=DecorView@95c06cd[RemoteCanvasActivity]
11-04 17:17:49.285 30700 30700 I ViewRootImpl@76008ce[Connecting…]: performTraversals params={(0,0)(wrapxwrap) gr=CENTER sim={adjust=pan forwardNavigation} ty=APPLICATION fmt=TRANSLUCENT wanim=0x103030a surfaceInsets=Rect(75, 75 - 75, 75)
11-04 17:17:49.285 30700 30700 I ViewRootImpl@76008ce[Connecting…]:   fl=1820002
11-04 17:17:49.285 30700 30700 I ViewRootImpl@76008ce[Connecting…]:   pfl=42000000
11-04 17:17:49.285 30700 30700 I ViewRootImpl@76008ce[Connecting…]:   bhv=DEFAULT
11-04 17:17:49.285 30700 30700 I ViewRootImpl@76008ce[Connecting…]:   fitTypes=STATUS_BARS NAVIGATION_BARS CAPTION_BAR
11-04 17:17:49.285 30700 30700 I ViewRootImpl@76008ce[Connecting…]:  dimAmount=0.6 naviIconColor=0}
11-04 17:17:49.286 30700 30700 I ViewRootImpl@76008ce[Connecting…]: performTraversals mFirst=true windowShouldResize=false viewVisibilityChanged=false mForceNextWindowRelayout=false params={(0,0)(wrapxwrap) gr=CENTER sim={adjust=pan forwardNavigation} ty=APPLICATION fmt=TRANSLUCENT wanim=0x103030a surfaceInsets=Rect(75, 75 - 75, 75)
11-04 17:17:49.286 30700 30700 I ViewRootImpl@76008ce[Connecting…]:   fl=1820002
11-04 17:17:49.286 30700 30700 I ViewRootImpl@76008ce[Connecting…]:   pfl=42000000
11-04 17:17:49.286 30700 30700 I ViewRootImpl@76008ce[Connecting…]:   bhv=DEFAULT
11-04 17:17:49.286 30700 30700 I ViewRootImpl@76008ce[Connecting…]:   fitTypes=STATUS_BARS NAVIGATION_BARS CAPTION_BAR
11-04 17:17:49.286 30700 30700 I ViewRootImpl@76008ce[Connecting…]:  dimAmount=0.6 naviIconColor=0}
11-04 17:17:49.295 30700 30700 I ViewRootImpl@76008ce[Connecting…]: updateBlastSurfaceIfNeeded mBlastBufferQueue=null isSameSurfaceControl=false
11-04 17:17:49.295 30700 30700 D BufferQueueConsumer: [](id:77ec0000000d,api:0,p:-1,c:30700) connect: controlledByApp=false
11-04 17:17:49.296 30700 30700 I BLASTBufferQueue: new BLASTBufferQueue, mName= ViewRootImpl@76008ce[Connecting…] mNativeObject= 0xb400007095176880 sc.mNativeObject= 0xb40000701c154e20 caller= android.view.ViewRootImpl.updateBlastSurfaceIfNeeded:2909 android.view.ViewRootImpl.relayoutWindow:9847 android.view.ViewRootImpl.performTraversals:3884 android.view.ViewRootImpl.doTraversal:3116 android.view.ViewRootImpl$TraversalRunnable.run:10885 android.view.Choreographer$CallbackRecord.run:1301 android.view.Choreographer$CallbackRecord.run:1309 android.view.Choreographer.doCallbacks:923 android.view.Choreographer.doFrame:852 android.view.Choreographer$FrameDisplayEventReceiver.run:1283 
11-04 17:17:49.296 30700 30700 I BLASTBufferQueue: update, w= 834 h= 443 mName = ViewRootImpl@76008ce[Connecting…] mNativeObject= 0xb400007095176880 sc.mNativeObject= 0xb40000701c154e20 format= -3 caller= android.graphics.BLASTBufferQueue.<init>:84 android.view.ViewRootImpl.updateBlastSurfaceIfNeeded:2909 android.view.ViewRootImpl.relayoutWindow:9847 android.view.ViewRootImpl.performTraversals:3884 android.view.ViewRootImpl.doTraversal:3116 android.view.ViewRootImpl$TraversalRunnable.run:10885 
11-04 17:17:49.297 30700 30700 I ViewRootImpl@76008ce[Connecting…]: Relayout returned: old=(45,45,720,1600) new=(435,236,1119,529) req=(684,293)0 dur=9 res=0x3 s={true 0xb4000070151e0800} ch=true seqId=0
11-04 17:17:49.299 30700 30700 I ViewRootImpl@76008ce[Connecting…]: mThreadedRenderer.initialize() mSurface={isValid=true 0xb4000070151e0800} hwInitialized=true
11-04 17:17:49.299 30700 30718 D BufferQueueProducer: [ViewRootImpl@76008ce[Connecting…]#13(BLAST Consumer)13](id:77ec0000000d,api:1,p:30700,c:30700) connect: api=1 producerControlledByApp=true
11-04 17:17:49.300 30700 30718 D OpenGLRenderer: eglCreateWindowSurface
11-04 17:17:49.302 30700 30700 I ViewRootImpl@76008ce[Connecting…]: reportNextDraw android.view.ViewRootImpl.performTraversals:4438 android.view.ViewRootImpl.doTraversal:3116 android.view.ViewRootImpl$TraversalRunnable.run:10885 android.view.Choreographer$CallbackRecord.run:1301 android.view.Choreographer$CallbackRecord.run:1309 
11-04 17:17:49.302 30700 30700 I ViewRootImpl@76008ce[Connecting…]: Setup new sync id=0
11-04 17:17:49.302 30700 30700 I ViewRootImpl@76008ce[Connecting…]: Setting syncFrameCallback
11-04 17:17:49.302 30700 30700 I ViewRootImpl@76008ce[Connecting…]: registerCallbacksForSync syncBuffer=false
11-04 17:17:49.307 30700 30733 I ViewRootImpl@76008ce[Connecting…]: Received frameDrawingCallback syncResult=0 frameNum=1.
11-04 17:17:49.307 30700 30733 I ViewRootImpl@76008ce[Connecting…]: Setting up sync and frameCommitCallback
11-04 17:17:49.310 30700 30718 E IMGMapper: set:488 set: Unset optional value from type SMPTE2086
11-04 17:17:49.311 30700 30718 E IMGMapper: set:488 set: Unset optional value from type CTA861_3
11-04 17:17:49.311 30700 30718 I BLASTBufferQueue: [ViewRootImpl@76008ce[Connecting…]#13](f:0,a:0) onFrameAvailable the first frame is available
11-04 17:17:49.311 30700 30718 D BLASTBufferQueue: [ViewRootImpl@76008ce[Connecting…]#13](f:0,a:1) acquireNextBufferLocked size=834x443 mFrameNumber=1 applyTransaction=true mTimestamp=45593232496561(auto) mPendingTransactions.size=0 graphicBufferId=131855495987303 transform=0
11-04 17:17:49.312 30700 30718 I ViewRootImpl@76008ce[Connecting…]: Received frameCommittedCallback lastAttemptedDrawFrameNum=1 didProduceBuffer=true
11-04 17:17:49.313 30700 30718 D OpenGLRenderer: CFMS:: SetUp Pid : 30700    Tid : 30718
11-04 17:17:49.313 30700 30718 W Parcel  : Expecting binder but got null!
11-04 17:17:49.313 30700 30700 I ViewRootImpl@76008ce[Connecting…]: onSyncComplete
11-04 17:17:49.314 30700 30700 I ViewRootImpl@76008ce[Connecting…]: setupSync seqId=0 mSyncId=0 fn=1 caller=android.view.ViewRootImpl$$ExternalSyntheticLambda11.accept:6 android.window.SurfaceSyncer.lambda$setupSync$1$android-window-SurfaceSyncer:128 android.window.SurfaceSyncer$$ExternalSyntheticLambda1.accept:8 android.window.SurfaceSyncer$SyncSet.checkIfSyncIsComplete:382 android.window.SurfaceSyncer$SyncSet.markSyncReady:359 android.window.SurfaceSyncer.markSyncReady:151 android.view.ViewRootImpl.performTraversals:4503 
11-04 17:17:49.316 30700 30700 I ViewRootImpl@f02d194[RemoteCanvasActivity]: performTraversals params={(0,0)(fillxfill) sim={state=hidden adjust=resize forwardNavigation} ty=BASE_APPLICATION wanim=0x1030309 sysuil=true
11-04 17:17:49.316 30700 30700 I ViewRootImpl@f02d194[RemoteCanvasActivity]:   fl=81810500
11-04 17:17:49.316 30700 30700 I ViewRootImpl@f02d194[RemoteCanvasActivity]:   pfl=12020040
11-04 17:17:49.316 30700 30700 I ViewRootImpl@f02d194[RemoteCanvasActivity]:   bhv=SHOW_TRANSIENT_BARS_BY_SWIPE
11-04 17:17:49.316 30700 30700 I ViewRootImpl@f02d194[RemoteCanvasActivity]:   fitSides= naviIconColor=0}
11-04 17:17:49.317 30700 30700 I ViewRootImpl@f02d194[RemoteCanvasActivity]: performTraversals mFirst=true windowShouldResize=true viewVisibilityChanged=false mForceNextWindowRelayout=false params={(0,0)(fillxfill) sim={state=hidden adjust=resize forwardNavigation} ty=BASE_APPLICATION wanim=0x1030309 sysuil=true
11-04 17:17:49.317 30700 30700 I ViewRootImpl@f02d194[RemoteCanvasActivity]:   fl=81810500
11-04 17:17:49.317 30700 30700 I ViewRootImpl@f02d194[RemoteCanvasActivity]:   pfl=12020040
11-04 17:17:49.317 30700 30700 I ViewRootImpl@f02d194[RemoteCanvasActivity]:   bhv=SHOW_TRANSIENT_BARS_BY_SWIPE
11-04 17:17:49.317 30700 30700 I ViewRootImpl@f02d194[RemoteCanvasActivity]:   fitSides= naviIconColor=0}
11-04 17:17:49.328 30700 30700 I ViewRootImpl@f02d194[RemoteCanvasActivity]: updateBlastSurfaceIfNeeded mBlastBufferQueue=null isSameSurfaceControl=false
11-04 17:17:49.328 30700 30700 D BufferQueueConsumer: [](id:77ec0000000e,api:0,p:-1,c:30700) connect: controlledByApp=false
11-04 17:17:49.329 30700 30700 I BLASTBufferQueue: new BLASTBufferQueue, mName= ViewRootImpl@f02d194[RemoteCanvasActivity] mNativeObject= 0xb40000701c1fed80 sc.mNativeObject= 0xb4000070152aac80 caller= android.view.ViewRootImpl.updateBlastSurfaceIfNeeded:2909 android.view.ViewRootImpl.relayoutWindow:9847 android.view.ViewRootImpl.performTraversals:3884 android.view.ViewRootImpl.doTraversal:3116 android.view.ViewRootImpl$TraversalRunnable.run:10885 android.view.Choreographer$CallbackRecord.run:1301 android.view.Choreographer$CallbackRecord.run:1309 android.view.Choreographer.doCallbacks:923 android.view.Choreographer.doFrame:852 android.view.Choreographer$FrameDisplayEventReceiver.run:1283 
11-04 17:17:49.330 30700 30700 I BLASTBufferQueue: update, w= 1555 h= 720 mName = ViewRootImpl@f02d194[RemoteCanvasActivity] mNativeObject= 0xb40000701c1fed80 sc.mNativeObject= 0xb4000070152aac80 format= -1 caller= android.graphics.BLASTBufferQueue.<init>:84 android.view.ViewRootImpl.updateBlastSurfaceIfNeeded:2909 android.view.ViewRootImpl.relayoutWindow:9847 android.view.ViewRootImpl.performTraversals:3884 android.view.ViewRootImpl.doTraversal:3116 android.view.ViewRootImpl$TraversalRunnable.run:10885 
11-04 17:17:49.330 30700 30700 I ViewRootImpl@f02d194[RemoteCanvasActivity]: Relayout returned: old=(45,0,720,1600) new=(45,0,1600,720) req=(675,1600)0 dur=11 res=0x3 s={true 0xb4000070152b8000} ch=true seqId=0
11-04 17:17:49.332 30700 30718 E IMGMapper: set:488 set: Unset optional value from type SMPTE2086
11-04 17:17:49.332 30700 30718 E IMGMapper: set:488 set: Unset optional value from type CTA861_3
11-04 17:17:49.334 30700 30700 I DecorView: getCurrentDensityDpi: from app context. densityDpi=300 msg=remove_caption
11-04 17:17:49.335 30700 30700 I DecorView: [INFO] isPopOver=false config=true
11-04 17:17:49.335 30700 30700 I DecorView: updateCaptionType: isFloating=true isApplication=true hasWindowDecorCaption=false this=DecorView@2881c2a[Connecting…]
11-04 17:17:49.335 30700 30700 D DecorView: setCaptionType = 0, this = DecorView@2881c2a[Connecting…]
11-04 17:17:49.335 30700 30700 I MSHandlerLifeCycle: check: return. pkg=com.offsec.nethunter.kex isActivity=false callers=com.android.internal.policy.DecorView.onConfigurationChanged:3359 android.view.View.dispatchConfigurationChanged:16145 android.view.ViewGroup.dispatchConfigurationChanged:1646 android.view.ViewRootImpl.updateConfiguration:6502 android.app.ActivityThread.handleActivityConfigurationChanged:6941 
11-04 17:17:49.335 30700 30700 I MSHandlerLifeCycle: removeMultiSplitHandler: no exist. decor=DecorView@2881c2a[Connecting…]
11-04 17:17:49.336 30700 30700 I DecorView: getCurrentDensityDpi: from real metrics. densityDpi=300 msg=remove_caption
11-04 17:17:49.336 30700 30700 I DecorView: [INFO] isPopOver=false config=true
11-04 17:17:49.336 30700 30700 I DecorView: updateCaptionType: isFloating=false isApplication=true hasWindowDecorCaption=false this=DecorView@95c06cd[RemoteCanvasActivity]
11-04 17:17:49.336 30700 30700 D DecorView: setCaptionType = 0, this = DecorView@95c06cd[RemoteCanvasActivity]
11-04 17:17:49.337 30700 30700 I MSHandlerLifeCycle: removeMultiSplitHandler: no exist. decor=DecorView@95c06cd[RemoteCanvasActivity]
11-04 17:17:49.338 30700 30700 I ViewRootImpl@f02d194[RemoteCanvasActivity]: mThreadedRenderer.initialize() mSurface={isValid=true 0xb4000070152b8000} hwInitialized=true
11-04 17:17:49.338 30700 30718 D BufferQueueProducer: [ViewRootImpl@f02d194[RemoteCanvasActivity]#14(BLAST Consumer)14](id:77ec0000000e,api:1,p:30700,c:30700) connect: api=1 producerControlledByApp=true
11-04 17:17:49.338 30700 30718 D OpenGLRenderer: eglCreateWindowSurface
11-04 17:17:49.339 30700 30700 D RemoteCanvasActivity: onGlobalLayout: start
11-04 17:17:49.339 30700 30700 D RemoteCanvasActivity: onGlobalLayout: getWindowVisibleDisplayFrame: Rect(45, 45 - 1510, 720)
11-04 17:17:49.339 30700 30700 D RemoteCanvasActivity: onGlobalLayout: canvas.myDrawable is null
11-04 17:17:49.339 30700 30700 D RemoteCanvasActivity: onGlobalLayout: before: r.bottom: 720 rootViewHeight: 720 re.top: 45 re.bottom: 720 layoutKeysBottom: 0 rootViewBottom: 720 toolbarBottom: 412 diffLayoutKeysPosition: 675 diffToolbarPosition: -97
11-04 17:17:49.339 30700 30700 D RemoteCanvasActivity: onGlobalLayout: Less than 19% of screen is covered
11-04 17:17:49.339 30700 30700 D RemoteCanvasActivity: onGlobalLayout: shifting on-screen buttons down by: 675
11-04 17:17:49.339 30700 30700 D RemoteCanvasActivity: onGlobalLayout: shifting arrow keys by: 1465
11-04 17:17:49.339 30700 30700 D RemoteCanvasActivity: onGlobalLayout: after: r.bottom: 720 rootViewHeight: 720 re.top: 45 re.bottom: 720 layoutKeysBottom: 675 rootViewBottom: 720 toolbarBottom: 412 diffLayoutKeysPosition: 675 diffToolbarPosition: -97
11-04 17:17:49.340 30700 30700 I ViewRootImpl@f02d194[RemoteCanvasActivity]: reportNextDraw android.view.ViewRootImpl.performTraversals:4438 android.view.ViewRootImpl.doTraversal:3116 android.view.ViewRootImpl$TraversalRunnable.run:10885 android.view.Choreographer$CallbackRecord.run:1301 android.view.Choreographer$CallbackRecord.run:1309 
11-04 17:17:49.340 30700 30700 I ViewRootImpl@f02d194[RemoteCanvasActivity]: Setup new sync id=0
11-04 17:17:49.340 30700 30700 I ViewRootImpl@f02d194[RemoteCanvasActivity]: Setting syncFrameCallback
11-04 17:17:49.340 30700 30700 I ViewRootImpl@f02d194[RemoteCanvasActivity]: registerCallbacksForSync syncBuffer=false
11-04 17:17:49.345 30700 30734 I ViewRootImpl@f02d194[RemoteCanvasActivity]: Received frameDrawingCallback syncResult=0 frameNum=1.
11-04 17:17:49.345 30700 30734 I ViewRootImpl@f02d194[RemoteCanvasActivity]: Setting up sync and frameCommitCallback
11-04 17:17:49.347 30700 30718 E IMGMapper: set:488 set: Unset optional value from type SMPTE2086
11-04 17:17:49.347 30700 30718 E IMGMapper: set:488 set: Unset optional value from type CTA861_3
